// Jest Snapshot v1, https://goo.gl/fbAQLP

exports[`UserAccountNameMenuItem should not break if no props are passed 1`] = `<div />`;
