// Jest Snapshot v1, https://goo.gl/fbAQLP

exports[`components/team_members_dropdown should match snapshot for a bot with group-constrained team 1`] = `
<ContextConsumer>
  <Component />
</ContextConsumer>
`;

exports[`components/team_members_dropdown should match snapshot for team_members_dropdown 1`] = `
<ContextConsumer>
  <Component />
</ContextConsumer>
`;

exports[`components/team_members_dropdown should match snapshot opening dropdown upwards 1`] = `
<ContextConsumer>
  <Component />
</ContextConsumer>
`;

exports[`components/team_members_dropdown should match snapshot with group-constrained team 1`] = `
<ContextConsumer>
  <Component />
</ContextConsumer>
`;
